=============================================
Testing Module for 1. My list
=============================================

This text file tests the MyList class
that prints a list in ascending order.

---------------------------------------------

>>> MyList = __import__('1-my_list').MyList

>>> my_list = MyList()

>>> MyList([1, 2, 3])
[1, 2, 3]

>>> MyList([1, 1, 2.3])
[1, 1, 2.3]

>>> MyList([0])
[0]

>>> MyList([-10, 1, 2, 0, 5])
[-10, 1, 2, 0, 5]

>>> MyList(["a", "12a"])
['a', '12a']

>>> MyList([])
[]

>>> MyList(0)
Traceback (most recent call last):
...
TypeError: 'int' object is not iterable

>>> MyList(None)
Traceback (most recent call last):
...
TypeError: 'NoneType' object is not iterable

>>> my_list.append()
Traceback (most recent call last):
...
TypeError: append() takes exactly one argument (0 given)

>>> my_list = MyList([-5, -3, -6, -2, -4, -1])
>>> my_list.print_sorted()
[-6, -5, -4, -3, -2, -1]

>>> my_list = MyList([])
>>> my_list.print_sorted()
[]

>>> my_list = MyList([None])
>>> my_list.print_sorted()
[None]

>>> old_list = MyList([1, 4, 2, 3, 5])
>>> print(old_list)
[1, 4, 2, 3, 5]

>>> old_list.print_sorted()
[1, 2, 3, 4, 5]

>>> print(old_list)
[1, 4, 2, 3, 5]
